Component: Arm Compiler for Embedded 6.18 Tool: armlink [5e4cc100]

==============================================================================

Section Cross References

    ad.o(.ARM.exidx.text.InitAd) refers to ad.o(.text.InitAd) for [Anonymous Symbol]
    ad.o(.ARM.exidx.text.GetAdValue) refers to ad.o(.text.GetAdValue) for [Anonymous Symbol]
    buttons.o(.ARM.exidx.text.InitButtons) refers to buttons.o(.text.InitButtons) for [Anonymous Symbol]
    buttons.o(.ARM.exidx.text.SW1Active) refers to buttons.o(.text.SW1Active) for [Anonymous Symbol]
    buttons.o(.ARM.exidx.text.SW2Active) refers to buttons.o(.text.SW2Active) for [Anonymous Symbol]
    buttons.o(.ARM.exidx.text.SW3Active) refers to buttons.o(.text.SW3Active) for [Anonymous Symbol]
    buttons.o(.ARM.exidx.text.SW4Active) refers to buttons.o(.text.SW4Active) for [Anonymous Symbol]
    buttons.o(.ARM.exidx.text.UserButtonActive) refers to buttons.o(.text.UserButtonActive) for [Anonymous Symbol]
    leds.o(.ARM.exidx.text.InitLeds) refers to leds.o(.text.InitLeds) for [Anonymous Symbol]
    leds.o(.ARM.exidx.text.ByteToLeds) refers to leds.o(.text.ByteToLeds) for [Anonymous Symbol]
    leds.o(.ARM.exidx.text.ToggleLed) refers to leds.o(.text.ToggleLed) for [Anonymous Symbol]
    leds.o(.text.ByteToLevel) refers to leds.o(.text.ByteToLeds) for ByteToLeds
    leds.o(.ARM.exidx.text.ByteToLevel) refers to leds.o(.text.ByteToLevel) for [Anonymous Symbol]
    usart2.o(.text.InitUsart2) refers to aeabi_sdiv.o(.text) for __aeabi_uidiv
    usart2.o(.ARM.exidx.text.InitUsart2) refers to usart2.o(.text.InitUsart2) for [Anonymous Symbol]
    usart2.o(.ARM.exidx.text.StringToUsart2) refers to usart2.o(.text.StringToUsart2) for [Anonymous Symbol]
    main.o(.text.main) refers to main.o(.text.SystemClock_Config) for SystemClock_Config
    main.o(.text.main) refers to main.o(.text.InitIo) for InitIo
    main.o(.text.main) refers to buttons.o(.text.InitButtons) for InitButtons
    main.o(.text.main) refers to leds.o(.text.InitLeds) for InitLeds
    main.o(.text.main) refers to usart2.o(.text.InitUsart2) for InitUsart2
    main.o(.text.main) refers to ad.o(.text.InitAd) for InitAd
    main.o(.text.main) refers to usart2.o(.text.StringToUsart2) for StringToUsart2
    main.o(.text.main) refers to buttons.o(.text.SW1Active) for SW1Active
    main.o(.text.main) refers to sprintf.o(.text) for sprintf
    main.o(.text.main) refers to main.o(.text.WaitForMs) for WaitForMs
    main.o(.text.main) refers to buttons.o(.text.SW2Active) for SW2Active
    main.o(.text.main) refers to buttons.o(.text.SW3Active) for SW3Active
    main.o(.text.main) refers to buttons.o(.text.SW4Active) for SW4Active
    main.o(.text.main) refers to main.o(.rodata.str1.1) for [Anonymous Symbol]
    main.o(.text.main) refers to main.o(.bss.adValue) for adValue
    main.o(.text.main) refers to main.o(.bss.text) for [Anonymous Symbol]
    main.o(.ARM.exidx.text.main) refers to main.o(.text.main) for [Anonymous Symbol]
    main.o(.text.SystemClock_Config) refers to system_stm32f0xx.o(.text.SystemCoreClockUpdate) for SystemCoreClockUpdate
    main.o(.text.SystemClock_Config) refers to main.o(.text.SysTick_Config) for SysTick_Config
    main.o(.ARM.exidx.text.SystemClock_Config) refers to main.o(.text.SystemClock_Config) for [Anonymous Symbol]
    main.o(.ARM.exidx.text.InitIo) refers to main.o(.text.InitIo) for [Anonymous Symbol]
    main.o(.text.WaitForMs) refers to main.o(.bss.ticks) for [Anonymous Symbol]
    main.o(.ARM.exidx.text.WaitForMs) refers to main.o(.text.WaitForMs) for [Anonymous Symbol]
    main.o(.text.SysTick_Handler) refers to main.o(.bss.ticks) for [Anonymous Symbol]
    main.o(.ARM.exidx.text.SysTick_Handler) refers to main.o(.text.SysTick_Handler) for [Anonymous Symbol]
    main.o(.text.SysTick_Config) refers to main.o(.text.__NVIC_SetPriority) for __NVIC_SetPriority
    main.o(.ARM.exidx.text.SysTick_Config) refers to main.o(.text.SysTick_Config) for [Anonymous Symbol]
    main.o(.ARM.exidx.text.__NVIC_SetPriority) refers to main.o(.text.__NVIC_SetPriority) for [Anonymous Symbol]
    startup_stm32f091xc.o(STACK) refers (Special) to heapauxi.o(.text) for __use_two_region_memory
    startup_stm32f091xc.o(HEAP) refers (Special) to heapauxi.o(.text) for __use_two_region_memory
    startup_stm32f091xc.o(RESET) refers (Special) to heapauxi.o(.text) for __use_two_region_memory
    startup_stm32f091xc.o(RESET) refers to startup_stm32f091xc.o(STACK) for __initial_sp
    startup_stm32f091xc.o(RESET) refers to startup_stm32f091xc.o(.text) for Reset_Handler
    startup_stm32f091xc.o(RESET) refers to main.o(.text.SysTick_Handler) for SysTick_Handler
    startup_stm32f091xc.o(.text) refers (Special) to heapauxi.o(.text) for __use_two_region_memory
    startup_stm32f091xc.o(.text) refers to system_stm32f0xx.o(.text.SystemInit) for SystemInit
    startup_stm32f091xc.o(.text) refers to __main.o(!!!main) for __main
[...]
    Removing main.o(.ARM.exidx.text.__NVIC_SetPriority), (8 bytes).
    Removing main.o(.ARM.use_no_argv), (4 bytes).
    Removing system_stm32f0xx.o(.text), (0 bytes).
    Removing system_stm32f0xx.o(.ARM.exidx.text.SystemInit), (8 bytes).
    Removing system_stm32f0xx.o(.ARM.exidx.text.SystemCoreClockUpdate), (8 bytes).
    Removing system_stm32f0xx.o(.rodata.APBPrescTable), (8 bytes).

36 unused section(s) (total 990 bytes) removed from the image.

==============================================================================

Image Symbol Table

    Local Symbols

    Symbol Name                              Value     Ov Type        Size  Object(Section)

    ../clib/angel/boardlib.s                 0x00000000   Number         0  boardinit1.o ABSOLUTE
    ../clib/angel/boardlib.s                 0x00000000   Number         0  boardinit2.o ABSOLUTE
    ../clib/angel/boardlib.s                 0x00000000   Number         0  boardinit3.o ABSOLUTE
    ../clib/angel/boardlib.s                 0x00000000   Number         0  boardshut.o ABSOLUTE
    ../clib/angel/handlers.s                 0x00000000   Number         0  __scatter_copy.o ABSOLUTE
    ../clib/angel/handlers.s                 0x00000000   Number         0  __scatter_zi.o ABSOLUTE
    ../clib/angel/kernel.s                   0x00000000   Number         0  __rtentry.o ABSOLUTE
    ../clib/angel/kernel.s                   0x00000000   Number         0  __rtentry2.o ABSOLUTE
    ../clib/angel/kernel.s                   0x00000000   Number         0  __rtentry4.o ABSOLUTE
    ../clib/angel/kernel.s                   0x00000000   Number         0  rtexit.o ABSOLUTE
    ../clib/angel/kernel.s                   0x00000000   Number         0  rtexit2.o ABSOLUTE
    ../clib/angel/rt.s                       0x00000000   Number         0  aeabi_idiv0.o ABSOLUTE
    ../clib/angel/rt.s                       0x00000000   Number         0  aeabi_idiv0_sigfpe.o ABSOLUTE
    ../clib/angel/rt.s                       0x00000000   Number         0  rt_div0.o ABSOLUTE
    ../clib/angel/rt.s                       0x00000000   Number         0  rt_ctype_table.o ABSOLUTE
    ../clib/angel/rt.s                       0x00000000   Number         0  rt_locale.o ABSOLUTE
    ../clib/angel/rt.s                       0x00000000   Number         0  rt_locale_intlibspace.o ABSOLUTE
    ../clib/angel/rt.s                       0x00000000   Number         0  rt_raise.o ABSOLUTE
    ../clib/angel/scatterp.s                 0x00000000   Number         0  __scatter.o ABSOLUTE
    ../clib/angel/startup.s                  0x00000000   Number         0  __main.o ABSOLUTE
    ../clib/angel/sys.s                      0x00000000   Number         0  sys_stackheap_outer.o ABSOLUTE
    ../clib/angel/sys.s                      0x00000000   Number         0  libspace.o ABSOLUTE
    ../clib/angel/sys.s                      0x00000000   Number         0  tempstk.o ABSOLUTE
    ../clib/angel/sys.s                      0x00000000   Number         0  use_no_semi.o ABSOLUTE
    ../clib/angel/sys.s                      0x00000000   Number         0  indicate_semi.o ABSOLUTE
    ../clib/angel/sysapp.c                   0x00000000   Number         0  sys_exit.o ABSOLUTE
    ../clib/angel/sysapp.c                   0x00000000   Number         0  sys_exit_hlt.o ABSOLUTE
    ../clib/angel/sysapp.c                   0x00000000   Number         0  sys_wrch.o ABSOLUTE
    ../clib/angel/sysapp.c                   0x00000000   Number         0  sys_wrch_hlt.o ABSOLUTE
    ../clib/angel/sysapp.c                   0x00000000   Number         0  sys_command.o ABSOLUTE
    ../clib/angel/sysapp.c                   0x00000000   Number         0  sys_command_hlt.o ABSOLUTE
    ../clib/armsys.c                         0x00000000   Number         0  argv_veneer.o ABSOLUTE
    ../clib/armsys.c                         0x00000000   Number         0  _get_argv_nomalloc.o ABSOLUTE
    ../clib/armsys.c                         0x00000000   Number         0  no_argv.o ABSOLUTE
    ../clib/bigflt.c                         0x00000000   Number         0  bigflt0.o ABSOLUTE
    ../clib/btod.c                           0x00000000   Number         0  btod.o ABSOLUTE
    ../clib/btod_accurate.c                  0x00000000   Number         0  btod_accurate.o ABSOLUTE
    ../clib/btod_accurate.c                  0x00000000   Number         0  btod_accurate_common.o ABSOLUTE
    ../clib/division.c                       0x00000000   Number         0  lludiv10.o ABSOLUTE
    ../clib/division.c                       0x00000000   Number         0  rtudiv10.o ABSOLUTE
    ../clib/division.s                       0x00000000   Number         0  aeabi_sdiv.o ABSOLUTE
    ../clib/division.s                       0x00000000   Number         0  aeabi_sdiv_div0.o ABSOLUTE
    ../clib/heapalloc.c                      0x00000000   Number         0  hrguard.o ABSOLUTE
    ../clib/heapaux.c                        0x00000000   Number         0  heapauxi.o ABSOLUTE
    ../clib/libinit.s                        0x00000000   Number         0  libinit.o ABSOLUTE
    ../clib/libinit.s                        0x00000000   Number         0  libinit2.o ABSOLUTE
    ../clib/libinit.s                        0x00000000   Number         0  libshutdown.o ABSOLUTE
    ../clib/libinit.s                        0x00000000   Number         0  libshutdown2.o ABSOLUTE
    ../clib/locale.c                         0x00000000   Number         0  _c16rtomb.o ABSOLUTE
    ../clib/locale.s                         0x00000000   Number         0  lc_numeric_c.o ABSOLUTE
    ../clib/locale.s                         0x00000000   Number         0  lc_ctype_c.o ABSOLUTE
    ../clib/longlong.c                       0x00000000   Number         0  llushr.o ABSOLUTE
    ../clib/misc.s                           0x00000000   Number         0  printf_stubs.o ABSOLUTE
    ../clib/printf.c                         0x00000000   Number         0  sprintf.o ABSOLUTE
    ../clib/printf.c                         0x00000000   Number         0  __printf.o ABSOLUTE
    ../clib/printf.c                         0x00000000   Number         0  _printf_pad.o ABSOLUTE
    ../clib/printf.c                         0x00000000   Number         0  _printf_truncate.o ABSOLUTE
    ../clib/printf.c                         0x00000000   Number         0  _printf_str.o ABSOLUTE
    ../clib/printf.c                         0x00000000   Number         0  _printf_dec.o ABSOLUTE
    ../clib/printf.c                         0x00000000   Number         0  _printf_charcount.o ABSOLUTE
    ../clib/printf.c                         0x00000000   Number         0  _printf_char_common.o ABSOLUTE
    ../clib/printf.c                         0x00000000   Number         0  _sputc.o ABSOLUTE
    ../clib/printf.c                         0x00000000   Number         0  _printf_wctomb.o ABSOLUTE
    ../clib/printf.c                         0x00000000   Number         0  _printf_longlong_dec.o ABSOLUTE
    ../clib/printf.c                         0x00000000   Number         0  _printf_oct_ll.o ABSOLUTE
    ../clib/printf.c                         0x00000000   Number         0  _printf_oct_int.o ABSOLUTE
    ../clib/printf.c                         0x00000000   Number         0  _printf_oct_int_ll.o ABSOLUTE
    ../clib/printf.c                         0x00000000   Number         0  _printf_hex_ll.o ABSOLUTE
    ../clib/printf.c                         0x00000000   Number         0  _printf_hex_int.o ABSOLUTE
    ../clib/printf.c                         0x00000000   Number         0  _printf_hex_int_ll.o ABSOLUTE
    ../clib/printf.c                         0x00000000   Number         0  _printf_hex_ptr.o ABSOLUTE
    ../clib/printf.c                         0x00000000   Number         0  _printf_hex_int_ptr.o ABSOLUTE
    ../clib/printf.c                         0x00000000   Number         0  _printf_hex_ll_ptr.o ABSOLUTE
    ../clib/printf.c                         0x00000000   Number         0  _printf_hex_int_ll_ptr.o ABSOLUTE
    ../clib/printf.c                         0x00000000   Number         0  __printf_flags.o ABSOLUTE
    ../clib/printf.c                         0x00000000   Number         0  __printf_ss.o ABSOLUTE
    ../clib/printf.c                         0x00000000   Number         0  __printf_flags_ss.o ABSOLUTE
    ../clib/printf.c                         0x00000000   Number         0  __printf_wp.o ABSOLUTE
    ../clib/printf.c                         0x00000000   Number         0  __printf_flags_wp.o ABSOLUTE
    ../clib/printf.c                         0x00000000   Number         0  __printf_ss_wp.o ABSOLUTE
    ../clib/printf.c                         0x00000000   Number         0  __printf_flags_ss_wp.o ABSOLUTE
    ../clib/printf.c                         0x00000000   Number         0  _printf_intcommon.o ABSOLUTE
    ../clib/printf.c                         0x00000000   Number         0  _printf_fp_dec.o ABSOLUTE
    ../clib/printf.c                         0x00000000   Number         0  _printf_fp_dec_accurate.o ABSOLUTE
    ../clib/printf.c                         0x00000000   Number         0  _printf_fp_hex.o ABSOLUTE
    ../clib/printf.c                         0x00000000   Number         0  __printf_nopercent.o ABSOLUTE
    ../clib/printf.c                         0x00000000   Number         0  _printf_char.o ABSOLUTE
    ../clib/printf.c                         0x00000000   Number         0  _printf_wchar.o ABSOLUTE
    ../clib/printf.c                         0x00000000   Number         0  _printf_fp_infnan.o ABSOLUTE
    ../clib/printf_percent.s                 0x00000000   Number         0  _printf_c.o ABSOLUTE
    ../clib/printf_percent.s                 0x00000000   Number         0  _printf_s.o ABSOLUTE
    ../clib/printf_percent.s                 0x00000000   Number         0  _printf_n.o ABSOLUTE
    ../clib/printf_percent.s                 0x00000000   Number         0  _printf_x.o ABSOLUTE
    ../clib/printf_percent.s                 0x00000000   Number         0  _printf_p.o ABSOLUTE
    ../clib/printf_percent.s                 0x00000000   Number         0  _printf_o.o ABSOLUTE
    ../clib/printf_percent.s                 0x00000000   Number         0  _printf_i.o ABSOLUTE
    ../clib/printf_percent.s                 0x00000000   Number         0  _printf_d.o ABSOLUTE
    ../clib/printf_percent.s                 0x00000000   Number         0  _printf_u.o ABSOLUTE
    ../clib/printf_percent.s                 0x00000000   Number         0  _printf_f.o ABSOLUTE
    ../clib/printf_percent.s                 0x00000000   Number         0  _printf_e.o ABSOLUTE
    ../clib/printf_percent.s                 0x00000000   Number         0  _printf_g.o ABSOLUTE
    ../clib/printf_percent.s                 0x00000000   Number         0  _printf_a.o ABSOLUTE
    ../clib/printf_percent.s                 0x00000000   Number         0  _printf_percent.o ABSOLUTE
    ../clib/printf_percent.s                 0x00000000   Number         0  _printf_lli.o ABSOLUTE
    ../clib/printf_percent.s                 0x00000000   Number         0  _printf_lld.o ABSOLUTE
    ../clib/printf_percent.s                 0x00000000   Number         0  _printf_llu.o ABSOLUTE
    ../clib/printf_percent.s                 0x00000000   Number         0  _printf_ll.o ABSOLUTE
    ../clib/printf_percent.s                 0x00000000   Number         0  _printf_l.o ABSOLUTE
    ../clib/printf_percent.s                 0x00000000   Number         0  _printf_lc.o ABSOLUTE
    ../clib/printf_percent.s                 0x00000000   Number         0  _printf_ls.o ABSOLUTE
    ../clib/printf_percent.s                 0x00000000   Number         0  _printf_llo.o ABSOLUTE
    ../clib/printf_percent.s                 0x00000000   Number         0  _printf_llx.o ABSOLUTE
    ../clib/printf_percent.s                 0x00000000   Number         0  _printf_percent_end.o ABSOLUTE
    ../clib/signal.c                         0x00000000   Number         0  defsig_fpe_outer.o ABSOLUTE
    ../clib/signal.c                         0x00000000   Number         0  defsig_fpe_formal.o ABSOLUTE
    ../clib/signal.c                         0x00000000   Number         0  defsig_exit.o ABSOLUTE
    ../clib/signal.c                         0x00000000   Number         0  defsig_fpe_inner.o ABSOLUTE
    ../clib/signal.c                         0x00000000   Number         0  __raise.o ABSOLUTE
    ../clib/signal.c                         0x00000000   Number         0  defsig_general.o ABSOLUTE
    ../clib/signal.c                         0x00000000   Number         0  defsig_abrt_inner.o ABSOLUTE
    ../clib/signal.c                         0x00000000   Number         0  defsig_rtred_inner.o ABSOLUTE
    ../clib/signal.c                         0x00000000   Number         0  defsig_rtmem_inner.o ABSOLUTE
    ../clib/signal.c                         0x00000000   Number         0  defsig_rtmem_outer.o ABSOLUTE
    ../clib/signal.c                         0x00000000   Number         0  defsig_rtmem_formal.o ABSOLUTE
    ../clib/signal.c                         0x00000000   Number         0  defsig_stak_inner.o ABSOLUTE
    ../clib/signal.c                         0x00000000   Number         0  defsig_pvfn_inner.o ABSOLUTE
    ../clib/signal.c                         0x00000000   Number         0  defsig_cppl_inner.o ABSOLUTE
    ../clib/signal.c                         0x00000000   Number         0  defsig_segv_inner.o ABSOLUTE
    ../clib/signal.c                         0x00000000   Number         0  defsig_other.o ABSOLUTE
    ../clib/signal.s                         0x00000000   Number         0  defsig.o ABSOLUTE
    ../clib/stdlib.c                         0x00000000   Number         0  exit.o ABSOLUTE
    ../clib/string.c                         0x00000000   Number         0  strcmp.o ABSOLUTE
    ../fplib/cfplib/fpinit.c                 0x00000000   Number         0  fpinit.o ABSOLUTE
    ../fplib/cfplib/ieee_status.c            0x00000000   Number         0  ieee_status.o ABSOLUTE
    ../fplib/printf1.s                       0x00000000   Number         0  printf1.o ABSOLUTE
    ../fplib/printf2.s                       0x00000000   Number         0  printf2.o ABSOLUTE
    ../fplib/printf2a.s                      0x00000000   Number         0  printf2a.o ABSOLUTE
    ../fplib/printf2b.s                      0x00000000   Number         0  printf2b.o ABSOLUTE
    ../fplib/usenofp.s                       0x00000000   Number         0  usenofp.o ABSOLUTE
    ../mathlib/fpclassify.c                  0x00000000   Number         0  fpclassify.o ABSOLUTE
    RTE/Device/STM32F091RCTx/startup_stm32f091xc.s 0x00000000   Number         0  startup_stm32f091xc.o ABSOLUTE
    ad.c                                     0x00000000   Number         0  ad.o ABSOLUTE
    buttons.c                                0x00000000   Number         0  buttons.o ABSOLUTE
    dc.s                                     0x00000000   Number         0  dc.o ABSOLUTE
    leds.c                                   0x00000000   Number         0  leds.o ABSOLUTE
    main.c                                   0x00000000   Number         0  main.o ABSOLUTE
    system_stm32f0xx.c                       0x00000000   Number         0  system_stm32f0xx.o ABSOLUTE
    usart2.c                                 0x00000000   Number         0  usart2.o ABSOLUTE
    RESET                                    0x08000000   Section      188  startup_stm32f091xc.o(RESET)
    !!!main                                  0x080000bc   Section        8  __main.o(!!!main)
    !!!scatter                               0x080000c4   Section       60  __scatter.o(!!!scatter)
    !!handler_copy                           0x08000100   Section       26  __scatter_copy.o(!!handler_copy)
    !!handler_zi                             0x0800011c   Section       28  __scatter_zi.o(!!handler_zi)
    .ARM.Collect$$_printf_percent$$00000000  0x08000138   Section        2  _printf_percent.o(.ARM.Collect$$_printf_percent$$00000000)
    .ARM.Collect$$_printf_percent$$00000001  0x0800013a   Section       10  _printf_n.o(.ARM.Collect$$_printf_percent$$00000001)
    .ARM.Collect$$_printf_percent$$00000002  0x08000144   Section       10  _printf_p.o(.ARM.Collect$$_printf_percent$$00000002)
    .ARM.Collect$$_printf_percent$$00000003  0x0800014e   Section       10  _printf_f.o(.ARM.Collect$$_printf_percent$$00000003)
    .ARM.Collect$$_printf_percent$$00000004  0x08000158   Section       10  _printf_e.o(.ARM.Collect$$_printf_percent$$00000004)
    .ARM.Collect$$_printf_percent$$00000005  0x08000162   Section       10  _printf_g.o(.ARM.Collect$$_printf_percent$$00000005)
    .ARM.Collect$$_printf_percent$$00000006  0x0800016c   Section       10  _printf_a.o(.ARM.Collect$$_printf_percent$$00000006)
    .ARM.Collect$$_printf_percent$$00000007  0x08000176   Section       10  _printf_ll.o(.ARM.Collect$$_printf_percent$$00000007)
    .ARM.Collect$$_printf_percent$$00000008  0x08000180   Section       10  _printf_i.o(.ARM.Collect$$_printf_percent$$00000008)
    .ARM.Collect$$_printf_percent$$00000009  0x0800018a   Section       10  _printf_d.o(.ARM.Collect$$_printf_percent$$00000009)
    .ARM.Collect$$_printf_percent$$0000000A  0x08000194   Section       10  _printf_u.o(.ARM.Collect$$_printf_percent$$0000000A)
    .ARM.Collect$$_printf_percent$$0000000B  0x0800019e   Section       10  _printf_o.o(.ARM.Collect$$_printf_percent$$0000000B)
    .ARM.Collect$$_printf_percent$$0000000C  0x080001a8   Section       10  _printf_x.o(.ARM.Collect$$_printf_percent$$0000000C)
    .ARM.Collect$$_printf_percent$$0000000D  0x080001b2   Section       10  _printf_lli.o(.ARM.Collect$$_printf_percent$$0000000D)
    .ARM.Collect$$_printf_percent$$0000000E  0x080001bc   Section       10  _printf_lld.o(.ARM.Collect$$_printf_percent$$0000000E)
    .ARM.Collect$$_printf_percent$$0000000F  0x080001c6   Section       10  _printf_llu.o(.ARM.Collect$$_printf_percent$$0000000F)
    .ARM.Collect$$_printf_percent$$00000010  0x080001d0   Section       10  _printf_llo.o(.ARM.Collect$$_printf_percent$$00000010)
    .ARM.Collect$$_printf_percent$$00000011  0x080001da   Section       10  _printf_llx.o(.ARM.Collect$$_printf_percent$$00000011)
    .ARM.Collect$$_printf_percent$$00000012  0x080001e4   Section       10  _printf_l.o(.ARM.Collect$$_printf_percent$$00000012)
    .ARM.Collect$$_printf_percent$$00000013  0x080001ee   Section       10  _printf_c.o(.ARM.Collect$$_printf_percent$$00000013)
    .ARM.Collect$$_printf_percent$$00000014  0x080001f8   Section       10  _printf_s.o(.ARM.Collect$$_printf_percent$$00000014)
    .ARM.Collect$$_printf_percent$$00000015  0x08000202   Section       10  _printf_lc.o(.ARM.Collect$$_printf_percent$$00000015)
    .ARM.Collect$$_printf_percent$$00000016  0x0800020c   Section       10  _printf_ls.o(.ARM.Collect$$_printf_percent$$00000016)
    .ARM.Collect$$_printf_percent$$00000017  0x08000216   Section        4  _printf_percent_end.o(.ARM.Collect$$_printf_percent$$00000017)
    .ARM.Collect$$libinit$$00000000          0x0800021a   Section        2  libinit.o(.ARM.Collect$$libinit$$00000000)
    .ARM.Collect$$libinit$$00000002          0x0800021c   Section        0  libinit2.o(.ARM.Collect$$libinit$$00000002)
    .ARM.Collect$$libinit$$00000004          0x0800021c   Section        0  libinit2.o(.ARM.Collect$$libinit$$00000004)
    .ARM.Collect$$libinit$$00000006          0x0800021c   Section        0  libinit2.o(.ARM.Collect$$libinit$$00000006)
    .ARM.Collect$$libinit$$0000000C          0x0800021c   Section        0  libinit2.o(.ARM.Collect$$libinit$$0000000C)
    .ARM.Collect$$libinit$$0000000E          0x0800021c   Section        0  libinit2.o(.ARM.Collect$$libinit$$0000000E)
    .ARM.Collect$$libinit$$00000010          0x0800021c   Section        0  libinit2.o(.ARM.Collect$$libinit$$00000010)
    .ARM.Collect$$libinit$$00000011          0x0800021c   Section        6  libinit2.o(.ARM.Collect$$libinit$$00000011)
    .ARM.Collect$$libinit$$00000013          0x08000222   Section        0  libinit2.o(.ARM.Collect$$libinit$$00000013)
    .ARM.Collect$$libinit$$00000014          0x08000222   Section       12  libinit2.o(.ARM.Collect$$libinit$$00000014)
    .ARM.Collect$$libinit$$00000015          0x0800022e   Section        0  libinit2.o(.ARM.Collect$$libinit$$00000015)
    .ARM.Collect$$libinit$$00000017          0x0800022e   Section        0  libinit2.o(.ARM.Collect$$libinit$$00000017)
    .ARM.Collect$$libinit$$00000018          0x0800022e   Section       10  libinit2.o(.ARM.Collect$$libinit$$00000018)
    .ARM.Collect$$libinit$$00000019          0x08000238   Section        0  libinit2.o(.ARM.Collect$$libinit$$00000019)
    .ARM.Collect$$libinit$$0000001B          0x08000238   Section        0  libinit2.o(.ARM.Collect$$libinit$$0000001B)
    .ARM.Collect$$libinit$$0000001D          0x08000238   Section        0  libinit2.o(.ARM.Collect$$libinit$$0000001D)
    .ARM.Collect$$libinit$$0000001F          0x08000238   Section        0  libinit2.o(.ARM.Collect$$libinit$$0000001F)
    .ARM.Collect$$libinit$$00000021          0x08000238   Section        0  libinit2.o(.ARM.Collect$$libinit$$00000021)
    .ARM.Collect$$libinit$$00000023          0x08000238   Section        0  libinit2.o(.ARM.Collect$$libinit$$00000023)
    .ARM.Collect$$libinit$$00000025          0x08000238   Section        0  libinit2.o(.ARM.Collect$$libinit$$00000025)
    .ARM.Collect$$libinit$$00000027          0x08000238   Section        0  libinit2.o(.ARM.Collect$$libinit$$00000027)
    .ARM.Collect$$libinit$$0000002E          0x08000238   Section        0  libinit2.o(.ARM.Collect$$libinit$$0000002E)
    .ARM.Collect$$libinit$$00000030          0x08000238   Section        0  libinit2.o(.ARM.Collect$$libinit$$00000030)
    .ARM.Collect$$libinit$$00000032          0x08000238   Section        0  libinit2.o(.ARM.Collect$$libinit$$00000032)
    .ARM.Collect$$libinit$$00000034          0x08000238   Section        0  libinit2.o(.ARM.Collect$$libinit$$00000034)
    .ARM.Collect$$libinit$$00000035          0x08000238   Section        2  libinit2.o(.ARM.Collect$$libinit$$00000035)
    .ARM.Collect$$libshutdown$$00000000      0x0800023a   Section        2  libshutdown.o(.ARM.Collect$$libshutdown$$00000000)
    .ARM.Collect$$libshutdown$$00000002      0x0800023c   Section        0  libshutdown2.o(.ARM.Collect$$libshutdown$$00000002)
    .ARM.Collect$$libshutdown$$00000004      0x0800023c   Section        0  libshutdown2.o(.ARM.Collect$$libshutdown$$00000004)
    .ARM.Collect$$libshutdown$$00000007      0x0800023c   Section        0  libshutdown2.o(.ARM.Collect$$libshutdown$$00000007)
    .ARM.Collect$$libshutdown$$0000000A      0x0800023c   Section        0  libshutdown2.o(.ARM.Collect$$libshutdown$$0000000A)
    .ARM.Collect$$libshutdown$$0000000C      0x0800023c   Section        0  libshutdown2.o(.ARM.Collect$$libshutdown$$0000000C)
    .ARM.Collect$$libshutdown$$0000000F      0x0800023c   Section        0  libshutdown2.o(.ARM.Collect$$libshutdown$$0000000F)
    .ARM.Collect$$libshutdown$$00000010      0x0800023c   Section        2  libshutdown2.o(.ARM.Collect$$libshutdown$$00000010)
    .ARM.Collect$$rtentry$$00000000          0x0800023e   Section        0  __rtentry.o(.ARM.Collect$$rtentry$$00000000)
    .ARM.Collect$$rtentry$$00000002          0x0800023e   Section        0  __rtentry2.o(.ARM.Collect$$rtentry$$00000002)
    .ARM.Collect$$rtentry$$00000004          0x0800023e   Section        6  __rtentry4.o(.ARM.Collect$$rtentry$$00000004)
    .ARM.Collect$$rtentry$$00000009          0x08000244   Section        0  __rtentry2.o(.ARM.Collect$$rtentry$$00000009)
    .ARM.Collect$$rtentry$$0000000A          0x08000244   Section        4  __rtentry2.o(.ARM.Collect$$rtentry$$0000000A)
    .ARM.Collect$$rtentry$$0000000C          0x08000248   Section        0  __rtentry2.o(.ARM.Collect$$rtentry$$0000000C)
    .ARM.Collect$$rtentry$$0000000D          0x08000248   Section        8  __rtentry2.o(.ARM.Collect$$rtentry$$0000000D)
    .ARM.Collect$$rtexit$$00000000           0x08000250   Section        2  rtexit.o(.ARM.Collect$$rtexit$$00000000)
    .ARM.Collect$$rtexit$$00000002           0x08000252   Section        0  rtexit2.o(.ARM.Collect$$rtexit$$00000002)
    .ARM.Collect$$rtexit$$00000003           0x08000252   Section        4  rtexit2.o(.ARM.Collect$$rtexit$$00000003)
    .ARM.Collect$$rtexit$$00000004           0x08000256   Section        6  rtexit2.o(.ARM.Collect$$rtexit$$00000004)
    .text                                    0x0800025c   Section       56  startup_stm32f091xc.o(.text)
    .text                                    0x08000294   Section        0  sprintf.o(.text)
    .text                                    0x080002c0   Section      364  aeabi_sdiv.o(.text)
    .text                                    0x0800042c   Section        0  heapauxi.o(.text)
    .text                                    0x08000432   Section        0  _printf_pad.o(.text)
    .text                                    0x08000480   Section        0  _printf_truncate.o(.text)
    .text                                    0x080004a4   Section        0  _printf_str.o(.text)
    .text                                    0x080004f8   Section        0  _printf_dec.o(.text)
    .text                                    0x08000564   Section        0  _printf_charcount.o(.text)
    _printf_input_char                       0x0800058d   Thumb Code    10  _printf_char_common.o(.text)
    .text                                    0x0800058c   Section        0  _printf_char_common.o(.text)
    .text                                    0x080005bc   Section        0  _sputc.o(.text)
    .text                                    0x080005c8   Section        0  _printf_wctomb.o(.text)
    .text                                    0x08000684   Section        0  _printf_longlong_dec.o(.text)
    _printf_longlong_oct_internal            0x080006f5   Thumb Code     0  _printf_oct_int_ll.o(.text)
    .text                                    0x080006f4   Section        0  _printf_oct_int_ll.o(.text)
    _printf_hex_common                       0x08000765   Thumb Code     0  _printf_hex_int_ll_ptr.o(.text)
    .text                                    0x08000764   Section        0  _printf_hex_int_ll_ptr.o(.text)
    .text                                    0x080007fc   Section        0  __printf_flags_ss_wp.o(.text)
    .text                                    0x08000984   Section        0  lludiv10.o(.text)
    .text                                    0x080009fe   Section        0  _printf_intcommon.o(.text)
    _fp_digits                               0x08000ab1   Thumb Code   412  _printf_fp_dec.o(.text)
    .text                                    0x08000ab0   Section        0  _printf_fp_dec.o(.text)
    .text                                    0x08000ec4   Section        0  _printf_fp_hex.o(.text)
    .text                                    0x0800119c   Section        0  _printf_char.o(.text)
    .text                                    0x080011ca   Section        0  _printf_wchar.o(.text)
    .text                                    0x080011f8   Section        0  _c16rtomb.o(.text)
    .text                                    0x0800123a   Section        0  rtudiv10.o(.text)
    .text                                    0x08001262   Section       62  sys_stackheap_outer.o(.text)
    .text                                    0x080012a0   Section       16  rt_ctype_table.o(.text)
    .text                                    0x080012b0   Section        8  rt_locale_intlibspace.o(.text)
    .text                                    0x080012b8   Section        0  _printf_fp_infnan.o(.text)
    .text                                    0x08001340   Section        0  bigflt0.o(.text)
    .text                                    0x08001418   Section        0  btod.o(.text)
    btod_internal_mul                        0x08001459   Thumb Code   492  btod.o(.text)
    btod_internal_div                        0x08001645   Thumb Code   520  btod.o(.text)
    .text                                    0x08001998   Section        0  exit.o(.text)
    .text                                    0x080019a8   Section        8  libspace.o(.text)
    .text                                    0x080019b0   Section        0  strcmp.o(.text)
    .text                                    0x08001a38   Section        0  sys_exit.o(.text)
    .text                                    0x08001a44   Section        2  use_no_semi.o(.text)
    .text                                    0x08001a46   Section        0  indicate_semi.o(.text)
    [Anonymous Symbol]                       0x08001a48   Section        0  ad.o(.text.InitAd)
    __arm_cp.0_0                             0x08001a94   Number         4  ad.o(.text.InitAd)
    __arm_cp.0_1                             0x08001a98   Number         4  ad.o(.text.InitAd)
    __arm_cp.0_2                             0x08001a9c   Number         4  ad.o(.text.InitAd)
    __arm_cp.0_3                             0x08001aa0   Number         4  ad.o(.text.InitAd)
    __arm_cp.0_4                             0x08001aa4   Number         4  ad.o(.text.InitAd)
    __arm_cp.0_5                             0x08001aa8   Number         4  ad.o(.text.InitAd)
    [Anonymous Symbol]                       0x08001aac   Section        0  buttons.o(.text.InitButtons)
    [Anonymous Symbol]                       0x08001afc   Section        0  main.o(.text.InitIo)
    [Anonymous Symbol]                       0x08001b00   Section        0  leds.o(.text.InitLeds)
    __arm_cp.0_1                             0x08001b88   Number         4  leds.o(.text.InitLeds)
    __arm_cp.0_2                             0x08001b8c   Number         4  leds.o(.text.InitLeds)
    [Anonymous Symbol]                       0x08001b90   Section        0  usart2.o(.text.InitUsart2)
    __arm_cp.0_0                             0x08001c10   Number         4  usart2.o(.text.InitUsart2)
    __arm_cp.0_1                             0x08001c14   Number         4  usart2.o(.text.InitUsart2)
    __arm_cp.0_2                             0x08001c18   Number         4  usart2.o(.text.InitUsart2)
    __arm_cp.0_4                             0x08001c1c   Number         4  usart2.o(.text.InitUsart2)
    __arm_cp.0_5                             0x08001c20   Number         4  usart2.o(.text.InitUsart2)
    __arm_cp.0_6                             0x08001c24   Number         4  usart2.o(.text.InitUsart2)
    [Anonymous Symbol]                       0x08001c28   Section        0  buttons.o(.text.SW1Active)
    [Anonymous Symbol]                       0x08001c50   Section        0  buttons.o(.text.SW2Active)
    __arm_cp.2_0                             0x08001c78   Number         4  buttons.o(.text.SW2Active)
    [Anonymous Symbol]                       0x08001c7c   Section        0  buttons.o(.text.SW3Active)
    __arm_cp.3_0                             0x08001ca4   Number         4  buttons.o(.text.SW3Active)
    [Anonymous Symbol]                       0x08001ca8   Section        0  buttons.o(.text.SW4Active)
    __arm_cp.4_0                             0x08001cd0   Number         4  buttons.o(.text.SW4Active)
    [Anonymous Symbol]                       0x08001cd4   Section        0  usart2.o(.text.StringToUsart2)
    __arm_cp.1_0                             0x08001d18   Number         4  usart2.o(.text.StringToUsart2)
    __arm_cp.1_1                             0x08001d1c   Number         4  usart2.o(.text.StringToUsart2)
    SysTick_Config                           0x08001d21   Thumb Code    68  main.o(.text.SysTick_Config)
    [Anonymous Symbol]                       0x08001d20   Section        0  main.o(.text.SysTick_Config)
    __arm_cp.5_0                             0x08001d64   Number         4  main.o(.text.SysTick_Config)
    __arm_cp.5_1                             0x08001d68   Number         4  main.o(.text.SysTick_Config)
    __arm_cp.5_2                             0x08001d6c   Number         4  main.o(.text.SysTick_Config)
    [Anonymous Symbol]                       0x08001d70   Section        0  main.o(.text.SysTick_Handler)
    [Anonymous Symbol]                       0x08001d7c   Section        0  main.o(.text.SystemClock_Config)
    __arm_cp.1_3                             0x08001e4c   Number         4  main.o(.text.SystemClock_Config)
    __arm_cp.1_4                             0x08001e50   Number         4  main.o(.text.SystemClock_Config)
    [Anonymous Symbol]                       0x08001e54   Section        0  system_stm32f0xx.o(.text.SystemCoreClockUpdate)
    __arm_cp.1_2                             0x08001f3c   Number         4  system_stm32f0xx.o(.text.SystemCoreClockUpdate)
    __arm_cp.1_3                             0x08001f40   Number         4  system_stm32f0xx.o(.text.SystemCoreClockUpdate)
    __arm_cp.1_4                             0x08001f44   Number         4  system_stm32f0xx.o(.text.SystemCoreClockUpdate)
    __arm_cp.1_5                             0x08001f48   Number         4  system_stm32f0xx.o(.text.SystemCoreClockUpdate)
    [Anonymous Symbol]                       0x08001f4c   Section        0  system_stm32f0xx.o(.text.SystemInit)
    __arm_cp.0_0                             0x08001fa0   Number         4  system_stm32f0xx.o(.text.SystemInit)
    __arm_cp.0_1                             0x08001fa4   Number         4  system_stm32f0xx.o(.text.SystemInit)
    __arm_cp.0_2                             0x08001fa8   Number         4  system_stm32f0xx.o(.text.SystemInit)
    __arm_cp.0_3                             0x08001fac   Number         4  system_stm32f0xx.o(.text.SystemInit)
    __arm_cp.0_4                             0x08001fb0   Number         4  system_stm32f0xx.o(.text.SystemInit)
    __arm_cp.0_5                             0x08001fb4   Number         4  system_stm32f0xx.o(.text.SystemInit)
    __arm_cp.0_6                             0x08001fb8   Number         4  system_stm32f0xx.o(.text.SystemInit)
    __arm_cp.0_7                             0x08001fbc   Number         4  system_stm32f0xx.o(.text.SystemInit)
    __arm_cp.0_8                             0x08001fc0   Number         4  system_stm32f0xx.o(.text.SystemInit)
    [Anonymous Symbol]                       0x08001fc4   Section        0  main.o(.text.WaitForMs)
    __arm_cp.3_0                             0x08001fe8   Number         4  main.o(.text.WaitForMs)
    __NVIC_SetPriority                       0x08001fed   Thumb Code   124  main.o(.text.__NVIC_SetPriority)
    [Anonymous Symbol]                       0x08001fec   Section        0  main.o(.text.__NVIC_SetPriority)
    __arm_cp.6_0                             0x08002068   Number         4  main.o(.text.__NVIC_SetPriority)
    __arm_cp.6_1                             0x0800206c   Number         4  main.o(.text.__NVIC_SetPriority)
    [Anonymous Symbol]                       0x08002070   Section        0  main.o(.text.main)
    __arm_cp.0_0                             0x08002160   Number         4  main.o(.text.main)
    __arm_cp.0_1                             0x08002164   Number         4  main.o(.text.main)
    __arm_cp.0_2                             0x08002168   Number         4  main.o(.text.main)
    __arm_cp.0_3                             0x0800216c   Number         4  main.o(.text.main)
    __arm_cp.0_4                             0x08002170   Number         4  main.o(.text.main)
    __arm_cp.0_5                             0x08002174   Number         4  main.o(.text.main)
    __arm_cp.0_6                             0x08002178   Number         4  main.o(.text.main)
    __arm_cp.0_7                             0x0800217c   Number         4  main.o(.text.main)
    i.__ARM_common_ll_muluu                  0x08002180   Section        0  btod.o(i.__ARM_common_ll_muluu)
    i.__ARM_fpclassify                       0x080021b0   Section        0  fpclassify.o(i.__ARM_fpclassify)
    i._is_digit                              0x080021dc   Section        0  __printf_wp.o(i._is_digit)
    locale$$code                             0x080021ec   Section       44  lc_numeric_c.o(locale$$code)
    locale$$code                             0x08002218   Section       44  lc_ctype_c.o(locale$$code)
    x$fpl$printf1                            0x08002244   Section       16  printf1.o(x$fpl$printf1)
    x$fpl$printf2                            0x08002254   Section       16  printf2.o(x$fpl$printf2)
    initial_mbstate                          0x08002264   Data           8  _printf_wctomb.o(.constdata)
    .constdata                               0x08002264   Section        8  _printf_wctomb.o(.constdata)
    x$fpl$usenofp                            0x08002264   Section        0  usenofp.o(x$fpl$usenofp)
    uc_hextab                                0x0800226c   Data          20  _printf_hex_int_ll_ptr.o(.constdata)
    .constdata                               0x0800226c   Section       40  _printf_hex_int_ll_ptr.o(.constdata)
    lc_hextab                                0x08002280   Data          20  _printf_hex_int_ll_ptr.o(.constdata)
    maptable                                 0x08002294   Data          17  __printf_flags_ss_wp.o(.constdata)
    .constdata                               0x08002294   Section       17  __printf_flags_ss_wp.o(.constdata)
    lc_hextab                                0x080022a5   Data          19  _printf_fp_hex.o(.constdata)
    .constdata                               0x080022a5   Section       38  _printf_fp_hex.o(.constdata)
    uc_hextab                                0x080022b8   Data          19  _printf_fp_hex.o(.constdata)
    tenpwrs_x                                0x080022cc   Data          60  bigflt0.o(.constdata)
    .constdata                               0x080022cc   Section      148  bigflt0.o(.constdata)
    tenpwrs_i                                0x08002308   Data          64  bigflt0.o(.constdata)
    [Anonymous Symbol]                       0x08002370   Section        0  main.o(.rodata.str1.1)
    locale$$data                             0x080023c0   Section       28  lc_numeric_c.o(locale$$data)
    __lcnum_c_name                           0x080023c4   Data           2  lc_numeric_c.o(locale$$data)
    __lcnum_c_start                          0x080023cc   Data           0  lc_numeric_c.o(locale$$data)
    __lcnum_c_point                          0x080023d8   Data           0  lc_numeric_c.o(locale$$data)
    __lcnum_c_thousands                      0x080023da   Data           0  lc_numeric_c.o(locale$$data)
    __lcnum_c_grouping                       0x080023db   Data           0  lc_numeric_c.o(locale$$data)
    __lcnum_c_end                            0x080023dc   Data           0  lc_numeric_c.o(locale$$data)
    locale$$data                             0x080023dc   Section      272  lc_ctype_c.o(locale$$data)
    __lcctype_c_name                         0x080023e0   Data           2  lc_ctype_c.o(locale$$data)
    __lcctype_c_start                        0x080023e8   Data           0  lc_ctype_c.o(locale$$data)
    __lcctype_c_end                          0x080024ec   Data           0  lc_ctype_c.o(locale$$data)
    .bss                                     0x20000008   Section       96  libspace.o(.bss)
    text                                     0x20000070   Data          20  main.o(.bss.text)
    [Anonymous Symbol]                       0x20000070   Section        0  main.o(.bss.text)
    ticks                                    0x20000084   Data           4  main.o(.bss.ticks)
    [Anonymous Symbol]                       0x20000084   Section        0  main.o(.bss.ticks)
    Heap_Mem                                 0x20000088   Data         512  startup_stm32f091xc.o(HEAP)
    HEAP                                     0x20000088   Section      512  startup_stm32f091xc.o(HEAP)
    Stack_Mem                                0x20000288   Data        1024  startup_stm32f091xc.o(STACK)
    STACK                                    0x20000288   Section     1024  startup_stm32f091xc.o(STACK)
    __initial_sp                             0x20000688   Data           0  startup_stm32f091xc.o(STACK)

    Global Symbols

    Symbol Name                              Value     Ov Type        Size  Object(Section)

    BuildAttributes$$THM_ISAv3M$S$PE$A:L22$X:L11$S22$IEEE1$IW$~IW$USESV6$~STKCKD$USESV7$~SHL$OTIME$ROPI$IEEEJ$EBA8$UX$STANDARDLIB$REQ8$PRES8$EABIv2 0x00000000   Number         0  anon$$obj.o ABSOLUTE
    _printf_flags                            0x00000000   Number         0  printf_stubs.o ABSOLUTE
    _printf_return_value                     0x00000000   Number         0  printf_stubs.o ABSOLUTE
    _printf_sizespec                         0x00000000   Number         0  printf_stubs.o ABSOLUTE
    _printf_widthprec                        0x00000000   Number         0  printf_stubs.o ABSOLUTE
    __ARM_exceptions_init                     - Undefined Weak Reference
    __alloca_initialize                       - Undefined Weak Reference
    __arm_preinit_                            - Undefined Weak Reference
    __arm_relocate_pie_                       - Undefined Weak Reference
    __cpp_initialize__aeabi_                  - Undefined Weak Reference
    __cxa_finalize                            - Undefined Weak Reference
    __sigvec_lookup                           - Undefined Weak Reference
    _atexit_init                              - Undefined Weak Reference
    _call_atexit_fns                          - Undefined Weak Reference
    _clock_init                               - Undefined Weak Reference
    _fp_trap_init                             - Undefined Weak Reference
    _fp_trap_shutdown                         - Undefined Weak Reference
    _get_lc_collate                           - Undefined Weak Reference
    _get_lc_monetary                          - Undefined Weak Reference
    _get_lc_time                              - Undefined Weak Reference
    _getenv_init                              - Undefined Weak Reference
    _handle_redirection                       - Undefined Weak Reference
    _init_alloc                               - Undefined Weak Reference
    _init_user_alloc                          - Undefined Weak Reference
    _initio                                   - Undefined Weak Reference
    _printf_mbtowc                            - Undefined Weak Reference
    _printf_wc                                - Undefined Weak Reference
    _rand_init                                - Undefined Weak Reference
    _signal_finish                            - Undefined Weak Reference
    _signal_init                              - Undefined Weak Reference
    _terminate_alloc                          - Undefined Weak Reference
    _terminate_user_alloc                     - Undefined Weak Reference
    _terminateio                              - Undefined Weak Reference
    __Vectors_Size                           0x000000bc   Number         0  startup_stm32f091xc.o ABSOLUTE
    __Vectors                                0x08000000   Data           4  startup_stm32f091xc.o(RESET)
    __Vectors_End                            0x080000bc   Data           0  startup_stm32f091xc.o(RESET)
    __main                                   0x080000bd   Thumb Code     8  __main.o(!!!main)
    __scatterload                            0x080000c5   Thumb Code     0  __scatter.o(!!!scatter)
    __scatterload_rt2                        0x080000c5   Thumb Code    52  __scatter.o(!!!scatter)
    __scatterload_rt2_thumb_only             0x080000c5   Thumb Code     0  __scatter.o(!!!scatter)
    __scatterload_null                       0x080000d5   Thumb Code     0  __scatter.o(!!!scatter)
    __scatterload_copy                       0x08000101   Thumb Code    26  __scatter_copy.o(!!handler_copy)
    __scatterload_zeroinit                   0x0800011d   Thumb Code    28  __scatter_zi.o(!!handler_zi)
    _printf_percent                          0x08000139   Thumb Code     0  _printf_percent.o(.ARM.Collect$$_printf_percent$$00000000)
    _printf_n                                0x0800013b   Thumb Code     0  _printf_n.o(.ARM.Collect$$_printf_percent$$00000001)
    _printf_p                                0x08000145   Thumb Code     0  _printf_p.o(.ARM.Collect$$_printf_percent$$00000002)
    _printf_f                                0x0800014f   Thumb Code     0  _printf_f.o(.ARM.Collect$$_printf_percent$$00000003)
    _printf_e                                0x08000159   Thumb Code     0  _printf_e.o(.ARM.Collect$$_printf_percent$$00000004)
    _printf_g                                0x08000163   Thumb Code     0  _printf_g.o(.ARM.Collect$$_printf_percent$$00000005)
    _printf_a                                0x0800016d   Thumb Code     0  _printf_a.o(.ARM.Collect$$_printf_percent$$00000006)
    _printf_ll                               0x08000177   Thumb Code     0  _printf_ll.o(.ARM.Collect$$_printf_percent$$00000007)
    _printf_i                                0x08000181   Thumb Code     0  _printf_i.o(.ARM.Collect$$_printf_percent$$00000008)
    _printf_d                                0x0800018b   Thumb Code     0  _printf_d.o(.ARM.Collect$$_printf_percent$$00000009)
    _printf_u                                0x08000195   Thumb Code     0  _printf_u.o(.ARM.Collect$$_printf_percent$$0000000A)
    _printf_o                                0x0800019f   Thumb Code     0  _printf_o.o(.ARM.Collect$$_printf_percent$$0000000B)
    _printf_x                                0x080001a9   Thumb Code     0  _printf_x.o(.ARM.Collect$$_printf_percent$$0000000C)
    _printf_lli                              0x080001b3   Thumb Code     0  _printf_lli.o(.ARM.Collect$$_printf_percent$$0000000D)
    _printf_lld                              0x080001bd   Thumb Code     0  _printf_lld.o(.ARM.Collect$$_printf_percent$$0000000E)
    _printf_llu                              0x080001c7   Thumb Code     0  _printf_llu.o(.ARM.Collect$$_printf_percent$$0000000F)
    _printf_llo                              0x080001d1   Thumb Code     0  _printf_llo.o(.ARM.Collect$$_printf_percent$$00000010)
    _printf_llx                              0x080001db   Thumb Code     0  _printf_llx.o(.ARM.Collect$$_printf_percent$$00000011)
    _printf_l                                0x080001e5   Thumb Code     0  _printf_l.o(.ARM.Collect$$_printf_percent$$00000012)
    _printf_c                                0x080001ef   Thumb Code     0  _printf_c.o(.ARM.Collect$$_printf_percent$$00000013)
    _printf_s                                0x080001f9   Thumb Code     0  _printf_s.o(.ARM.Collect$$_printf_percent$$00000014)
    _printf_lc                               0x08000203   Thumb Code     0  _printf_lc.o(.ARM.Collect$$_printf_percent$$00000015)
    _printf_ls                               0x0800020d   Thumb Code     0  _printf_ls.o(.ARM.Collect$$_printf_percent$$00000016)
    _printf_percent_end                      0x08000217   Thumb Code     0  _printf_percent_end.o(.ARM.Collect$$_printf_percent$$00000017)
    __rt_lib_init                            0x0800021b   Thumb Code     0  libinit.o(.ARM.Collect$$libinit$$00000000)
    __rt_lib_init_fp_1                       0x0800021d   Thumb Code     0  libinit2.o(.ARM.Collect$$libinit$$00000002)
    __rt_lib_init_heap_1                     0x0800021d   Thumb Code     0  libinit2.o(.ARM.Collect$$libinit$$0000000C)
    __rt_lib_init_lc_common                  0x0800021d   Thumb Code     0  libinit2.o(.ARM.Collect$$libinit$$00000011)
    __rt_lib_init_preinit_1                  0x0800021d   Thumb Code     0  libinit2.o(.ARM.Collect$$libinit$$00000006)
    __rt_lib_init_rand_1                     0x0800021d   Thumb Code     0  libinit2.o(.ARM.Collect$$libinit$$00000010)
    __rt_lib_init_relocate_pie_1             0x0800021d   Thumb Code     0  libinit2.o(.ARM.Collect$$libinit$$00000004)
    __rt_lib_init_user_alloc_1               0x0800021d   Thumb Code     0  libinit2.o(.ARM.Collect$$libinit$$0000000E)
    __rt_lib_init_lc_collate_1               0x08000223   Thumb Code     0  libinit2.o(.ARM.Collect$$libinit$$00000013)
    __rt_lib_init_lc_ctype_2                 0x08000223   Thumb Code     0  libinit2.o(.ARM.Collect$$libinit$$00000014)
    __rt_lib_init_lc_ctype_1                 0x0800022f   Thumb Code     0  libinit2.o(.ARM.Collect$$libinit$$00000015)
    __rt_lib_init_lc_monetary_1              0x0800022f   Thumb Code     0  libinit2.o(.ARM.Collect$$libinit$$00000017)
    __rt_lib_init_lc_numeric_2               0x0800022f   Thumb Code     0  libinit2.o(.ARM.Collect$$libinit$$00000018)
    __rt_lib_init_alloca_1                   0x08000239   Thumb Code     0  libinit2.o(.ARM.Collect$$libinit$$00000030)
    __rt_lib_init_argv_1                     0x08000239   Thumb Code     0  libinit2.o(.ARM.Collect$$libinit$$0000002E)
    __rt_lib_init_atexit_1                   0x08000239   Thumb Code     0  libinit2.o(.ARM.Collect$$libinit$$0000001D)
    __rt_lib_init_clock_1                    0x08000239   Thumb Code     0  libinit2.o(.ARM.Collect$$libinit$$00000023)
    __rt_lib_init_cpp_1                      0x08000239   Thumb Code     0  libinit2.o(.ARM.Collect$$libinit$$00000034)
    __rt_lib_init_exceptions_1               0x08000239   Thumb Code     0  libinit2.o(.ARM.Collect$$libinit$$00000032)
    __rt_lib_init_fp_trap_1                  0x08000239   Thumb Code     0  libinit2.o(.ARM.Collect$$libinit$$00000021)
    __rt_lib_init_getenv_1                   0x08000239   Thumb Code     0  libinit2.o(.ARM.Collect$$libinit$$00000025)
    __rt_lib_init_lc_numeric_1               0x08000239   Thumb Code     0  libinit2.o(.ARM.Collect$$libinit$$00000019)
    __rt_lib_init_lc_time_1                  0x08000239   Thumb Code     0  libinit2.o(.ARM.Collect$$libinit$$0000001B)
    __rt_lib_init_return                     0x08000239   Thumb Code     0  libinit2.o(.ARM.Collect$$libinit$$00000035)
    __rt_lib_init_signal_1                   0x08000239   Thumb Code     0  libinit2.o(.ARM.Collect$$libinit$$0000001F)
    __rt_lib_init_stdio_1                    0x08000239   Thumb Code     0  libinit2.o(.ARM.Collect$$libinit$$00000027)
    __rt_lib_shutdown                        0x0800023b   Thumb Code     0  libshutdown.o(.ARM.Collect$$libshutdown$$00000000)
    __rt_lib_shutdown_cpp_1                  0x0800023d   Thumb Code     0  libshutdown2.o(.ARM.Collect$$libshutdown$$00000002)
    __rt_lib_shutdown_fp_trap_1              0x0800023d   Thumb Code     0  libshutdown2.o(.ARM.Collect$$libshutdown$$00000007)
    __rt_lib_shutdown_heap_1                 0x0800023d   Thumb Code     0  libshutdown2.o(.ARM.Collect$$libshutdown$$0000000F)
    __rt_lib_shutdown_return                 0x0800023d   Thumb Code     0  libshutdown2.o(.ARM.Collect$$libshutdown$$00000010)
    __rt_lib_shutdown_signal_1               0x0800023d   Thumb Code     0  libshutdown2.o(.ARM.Collect$$libshutdown$$0000000A)
    __rt_lib_shutdown_stdio_1                0x0800023d   Thumb Code     0  libshutdown2.o(.ARM.Collect$$libshutdown$$00000004)
    __rt_lib_shutdown_user_alloc_1           0x0800023d   Thumb Code     0  libshutdown2.o(.ARM.Collect$$libshutdown$$0000000C)
    __rt_entry                               0x0800023f   Thumb Code     0  __rtentry.o(.ARM.Collect$$rtentry$$00000000)
    __rt_entry_presh_1                       0x0800023f   Thumb Code     0  __rtentry2.o(.ARM.Collect$$rtentry$$00000002)
    __rt_entry_sh                            0x0800023f   Thumb Code     0  __rtentry4.o(.ARM.Collect$$rtentry$$00000004)
    __rt_entry_li                            0x08000245   Thumb Code     0  __rtentry2.o(.ARM.Collect$$rtentry$$0000000A)
    __rt_entry_postsh_1                      0x08000245   Thumb Code     0  __rtentry2.o(.ARM.Collect$$rtentry$$00000009)
    __rt_entry_main                          0x08000249   Thumb Code     0  __rtentry2.o(.ARM.Collect$$rtentry$$0000000D)
    __rt_entry_postli_1                      0x08000249   Thumb Code     0  __rtentry2.o(.ARM.Collect$$rtentry$$0000000C)
    __rt_exit                                0x08000251   Thumb Code     0  rtexit.o(.ARM.Collect$$rtexit$$00000000)
    __rt_exit_ls                             0x08000253   Thumb Code     0  rtexit2.o(.ARM.Collect$$rtexit$$00000003)
    __rt_exit_prels_1                        0x08000253   Thumb Code     0  rtexit2.o(.ARM.Collect$$rtexit$$00000002)
    __rt_exit_exit                           0x08000257   Thumb Code     0  rtexit2.o(.ARM.Collect$$rtexit$$00000004)
    Reset_Handler                            0x0800025d   Thumb Code     8  startup_stm32f091xc.o(.text)
    NMI_Handler                              0x08000265   Thumb Code     2  startup_stm32f091xc.o(.text)
    HardFault_Handler                        0x08000267   Thumb Code     2  startup_stm32f091xc.o(.text)
    SVC_Handler                              0x08000269   Thumb Code     2  startup_stm32f091xc.o(.text)
    PendSV_Handler                           0x0800026b   Thumb Code     2  startup_stm32f091xc.o(.text)
    ADC1_COMP_IRQHandler                     0x0800026f   Thumb Code     0  startup_stm32f091xc.o(.text)
    CEC_CAN_IRQHandler                       0x0800026f   Thumb Code     0  startup_stm32f091xc.o(.text)
    DMA1_Ch1_IRQHandler                      0x0800026f   Thumb Code     0  startup_stm32f091xc.o(.text)
    DMA1_Ch2_3_DMA2_Ch1_2_IRQHandler         0x0800026f   Thumb Code     0  startup_stm32f091xc.o(.text)
    DMA1_Ch4_7_DMA2_Ch3_5_IRQHandler         0x0800026f   Thumb Code     0  startup_stm32f091xc.o(.text)
    EXTI0_1_IRQHandler                       0x0800026f   Thumb Code     0  startup_stm32f091xc.o(.text)
    EXTI2_3_IRQHandler                       0x0800026f   Thumb Code     0  startup_stm32f091xc.o(.text)
    EXTI4_15_IRQHandler                      0x0800026f   Thumb Code     0  startup_stm32f091xc.o(.text)
    FLASH_IRQHandler                         0x0800026f   Thumb Code     0  startup_stm32f091xc.o(.text)
    I2C1_IRQHandler                          0x0800026f   Thumb Code     0  startup_stm32f091xc.o(.text)
    I2C2_IRQHandler                          0x0800026f   Thumb Code     0  startup_stm32f091xc.o(.text)
    PVD_VDDIO2_IRQHandler                    0x0800026f   Thumb Code     0  startup_stm32f091xc.o(.text)
    RCC_CRS_IRQHandler                       0x0800026f   Thumb Code     0  startup_stm32f091xc.o(.text)
    RTC_IRQHandler                           0x0800026f   Thumb Code     0  startup_stm32f091xc.o(.text)
    SPI1_IRQHandler                          0x0800026f   Thumb Code     0  startup_stm32f091xc.o(.text)
    SPI2_IRQHandler                          0x0800026f   Thumb Code     0  startup_stm32f091xc.o(.text)
    TIM14_IRQHandler                         0x0800026f   Thumb Code     0  startup_stm32f091xc.o(.text)
    TIM15_IRQHandler                         0x0800026f   Thumb Code     0  startup_stm32f091xc.o(.text)
    TIM16_IRQHandler                         0x0800026f   Thumb Code     0  startup_stm32f091xc.o(.text)
    TIM17_IRQHandler                         0x0800026f   Thumb Code     0  startup_stm32f091xc.o(.text)
    TIM1_BRK_UP_TRG_COM_IRQHandler           0x0800026f   Thumb Code     0  startup_stm32f091xc.o(.text)
    TIM1_CC_IRQHandler                       0x0800026f   Thumb Code     0  startup_stm32f091xc.o(.text)
    TIM2_IRQHandler                          0x0800026f   Thumb Code     0  startup_stm32f091xc.o(.text)
    TIM3_IRQHandler                          0x0800026f   Thumb Code     0  startup_stm32f091xc.o(.text)
    TIM6_DAC_IRQHandler                      0x0800026f   Thumb Code     0  startup_stm32f091xc.o(.text)
    TIM7_IRQHandler                          0x0800026f   Thumb Code     0  startup_stm32f091xc.o(.text)
    TSC_IRQHandler                           0x0800026f   Thumb Code     0  startup_stm32f091xc.o(.text)
    USART1_IRQHandler                        0x0800026f   Thumb Code     0  startup_stm32f091xc.o(.text)
    USART2_IRQHandler                        0x0800026f   Thumb Code     0  startup_stm32f091xc.o(.text)
    USART3_8_IRQHandler                      0x0800026f   Thumb Code     0  startup_stm32f091xc.o(.text)
    WWDG_IRQHandler                          0x0800026f   Thumb Code     0  startup_stm32f091xc.o(.text)
    __user_initial_stackheap                 0x08000271   Thumb Code     0  startup_stm32f091xc.o(.text)
    sprintf                                  0x08000295   Thumb Code    40  sprintf.o(.text)
    __aeabi_uidiv                            0x080002c1   Thumb Code     0  aeabi_sdiv.o(.text)
    __aeabi_uidivmod                         0x080002c1   Thumb Code    20  aeabi_sdiv.o(.text)
    __aeabi_idiv                             0x080002d5   Thumb Code     0  aeabi_sdiv.o(.text)
    __aeabi_idivmod                          0x080002d5   Thumb Code   338  aeabi_sdiv.o(.text)
    __use_two_region_memory                  0x0800042d   Thumb Code     2  heapauxi.o(.text)
    __rt_heap_escrow$2region                 0x0800042f   Thumb Code     2  heapauxi.o(.text)
    __rt_heap_expand$2region                 0x08000431   Thumb Code     2  heapauxi.o(.text)
    _printf_pre_padding                      0x08000433   Thumb Code    44  _printf_pad.o(.text)
    _printf_post_padding                     0x0800045f   Thumb Code    34  _printf_pad.o(.text)
    _printf_truncate_signed                  0x08000481   Thumb Code    18  _printf_truncate.o(.text)
    _printf_truncate_unsigned                0x08000493   Thumb Code    18  _printf_truncate.o(.text)
    _printf_str                              0x080004a5   Thumb Code    82  _printf_str.o(.text)
    _printf_int_dec                          0x080004f9   Thumb Code    90  _printf_dec.o(.text)
    _printf_charcount                        0x08000565   Thumb Code    38  _printf_charcount.o(.text)
    _printf_char_common                      0x08000597   Thumb Code    32  _printf_char_common.o(.text)
    _sputc                                   0x080005bd   Thumb Code    10  _sputc.o(.text)
    _printf_wctomb                           0x080005c9   Thumb Code   182  _printf_wctomb.o(.text)
    _printf_longlong_dec                     0x08000685   Thumb Code    94  _printf_longlong_dec.o(.text)
    _printf_longlong_oct                     0x080006f5   Thumb Code    68  _printf_oct_int_ll.o(.text)
    _printf_int_oct                          0x08000739   Thumb Code    24  _printf_oct_int_ll.o(.text)
    _printf_ll_oct                           0x08000751   Thumb Code    10  _printf_oct_int_ll.o(.text)
    _printf_longlong_hex                     0x08000765   Thumb Code    88  _printf_hex_int_ll_ptr.o(.text)
    _printf_int_hex                          0x080007bd   Thumb Code    28  _printf_hex_int_ll_ptr.o(.text)
    _printf_ll_hex                           0x080007d9   Thumb Code    10  _printf_hex_int_ll_ptr.o(.text)
    _printf_hex_ptr                          0x080007e3   Thumb Code    22  _printf_hex_int_ll_ptr.o(.text)
    __printf                                 0x080007fd   Thumb Code   386  __printf_flags_ss_wp.o(.text)
    _ll_udiv10                               0x08000985   Thumb Code   122  lludiv10.o(.text)
    _printf_int_common                       0x080009ff   Thumb Code   176  _printf_intcommon.o(.text)
    _printf_fp_dec_real                      0x08000c4d   Thumb Code   620  _printf_fp_dec.o(.text)
    _printf_fp_hex_real                      0x08000ec5   Thumb Code   718  _printf_fp_hex.o(.text)
    _printf_cs_common                        0x0800119d   Thumb Code    22  _printf_char.o(.text)
    _printf_char                             0x080011b3   Thumb Code    16  _printf_char.o(.text)
    _printf_string                           0x080011c3   Thumb Code     8  _printf_char.o(.text)
    _printf_lcs_common                       0x080011cb   Thumb Code    22  _printf_wchar.o(.text)
    _printf_wchar                            0x080011e1   Thumb Code    16  _printf_wchar.o(.text)
    _printf_wstring                          0x080011f1   Thumb Code     8  _printf_wchar.o(.text)
    _c16rtomb                                0x080011f9   Thumb Code    66  _c16rtomb.o(.text)
    _wcrtomb                                 0x080011f9   Thumb Code     0  _c16rtomb.o(.text)
    __rt_udiv10                              0x0800123b   Thumb Code    40  rtudiv10.o(.text)
    __user_setup_stackheap                   0x08001263   Thumb Code    62  sys_stackheap_outer.o(.text)
    __rt_ctype_table                         0x080012a1   Thumb Code    16  rt_ctype_table.o(.text)
    __rt_locale                              0x080012b1   Thumb Code     8  rt_locale_intlibspace.o(.text)
    _printf_fp_infnan                        0x080012b9   Thumb Code   120  _printf_fp_infnan.o(.text)
    _btod_etento                             0x08001341   Thumb Code   210  bigflt0.o(.text)
    _btod_d2e                                0x08001419   Thumb Code    64  btod.o(.text)
    _btod_emul                               0x0800184d   Thumb Code    28  btod.o(.text)
    _btod_emuld                              0x08001869   Thumb Code   144  btod.o(.text)
    _btod_ediv                               0x080018f9   Thumb Code    26  btod.o(.text)
    _btod_edivd                              0x08001913   Thumb Code   124  btod.o(.text)
    exit                                     0x08001999   Thumb Code    16  exit.o(.text)
    __user_libspace                          0x080019a9   Thumb Code     8  libspace.o(.text)
    __user_perproc_libspace                  0x080019a9   Thumb Code     0  libspace.o(.text)
    __user_perthread_libspace                0x080019a9   Thumb Code     0  libspace.o(.text)
    strcmp                                   0x080019b1   Thumb Code   132  strcmp.o(.text)
    _sys_exit                                0x08001a39   Thumb Code     8  sys_exit.o(.text)
    __I$use$semihosting                      0x08001a45   Thumb Code     0  use_no_semi.o(.text)
    __use_no_semihosting_swi                 0x08001a45   Thumb Code     2  use_no_semi.o(.text)
    __semihosting_library_function           0x08001a47   Thumb Code     0  indicate_semi.o(.text)
    InitAd                                   0x08001a49   Thumb Code    76  ad.o(.text.InitAd)
    InitButtons                              0x08001aad   Thumb Code    80  buttons.o(.text.InitButtons)
    InitIo                                   0x08001afd   Thumb Code     2  main.o(.text.InitIo)
    InitLeds                                 0x08001b01   Thumb Code   136  leds.o(.text.InitLeds)
    InitUsart2                               0x08001b91   Thumb Code   128  usart2.o(.text.InitUsart2)
    SW1Active                                0x08001c29   Thumb Code    40  buttons.o(.text.SW1Active)
    SW2Active                                0x08001c51   Thumb Code    40  buttons.o(.text.SW2Active)
    SW3Active                                0x08001c7d   Thumb Code    40  buttons.o(.text.SW3Active)
    SW4Active                                0x08001ca9   Thumb Code    40  buttons.o(.text.SW4Active)
    StringToUsart2                           0x08001cd5   Thumb Code    68  usart2.o(.text.StringToUsart2)
    SysTick_Handler                          0x08001d71   Thumb Code    12  main.o(.text.SysTick_Handler)
    SystemClock_Config                       0x08001d7d   Thumb Code   208  main.o(.text.SystemClock_Config)
    SystemCoreClockUpdate                    0x08001e55   Thumb Code   232  system_stm32f0xx.o(.text.SystemCoreClockUpdate)
    SystemInit                               0x08001f4d   Thumb Code    84  system_stm32f0xx.o(.text.SystemInit)
    WaitForMs                                0x08001fc5   Thumb Code    36  main.o(.text.WaitForMs)
    main                                     0x08002071   Thumb Code   240  main.o(.text.main)
    __ARM_common_ll_muluu                    0x08002181   Thumb Code    48  btod.o(i.__ARM_common_ll_muluu)
    __ARM_fpclassify                         0x080021b1   Thumb Code    40  fpclassify.o(i.__ARM_fpclassify)
    _is_digit                                0x080021dd   Thumb Code    14  __printf_wp.o(i._is_digit)
    _get_lc_numeric                          0x080021ed   Thumb Code    44  lc_numeric_c.o(locale$$code)
    _get_lc_ctype                            0x08002219   Thumb Code    44  lc_ctype_c.o(locale$$code)
    _printf_fp_dec                           0x08002245   Thumb Code    16  printf1.o(x$fpl$printf1)
    _printf_fp_hex                           0x08002255   Thumb Code    16  printf2.o(x$fpl$printf2)
    __I$use$fp                               0x08002264   Number         0  usenofp.o(x$fpl$usenofp)
    AHBPrescTable                            0x08002360   Data          16  system_stm32f0xx.o(.rodata.AHBPrescTable)
    Region$$Table$$Base                      0x080023a0   Number         0  anon$$obj.o(Region$$Table)
    Region$$Table$$Limit                     0x080023c0   Number         0  anon$$obj.o(Region$$Table)
    __ctype                                  0x080023e9   Data           0  lc_ctype_c.o(locale$$data)
    SystemCoreClock                          0x20000000   Data           4  system_stm32f0xx.o(.data.SystemCoreClock)
    __libspace_start                         0x20000008   Data          96  libspace.o(.bss)
    __temporary_stack_top$libspace           0x20000068   Data           0  libspace.o(.bss)
    adValue                                  0x20000068   Data           8  main.o(.bss.adValue)



==============================================================================

Memory Map of the image

  Image Entry point : 0x0800025d

  Load Region LR_1 (Base: 0x08000000, Size: 0x000024f0, Max: 0xffffffff, ABSOLUTE)

    Execution Region ER_RO (Exec base: 0x08000000, Load base: 0x08000000, Size: 0x000024ec, Max: 0xffffffff, ABSOLUTE)

    Exec Addr    Load Addr    Size         Type   Attr      Idx    E Section Name        Object

    0x08000000   0x08000000   0x000000bc   Data   RO           85    RESET               startup_stm32f091xc.o
    0x080000bc   0x080000bc   0x00000008   Code   RO          116  * !!!main             c_p.l(__main.o)
    0x080000c4   0x080000c4   0x0000003c   Code   RO          449    !!!scatter          c_p.l(__scatter.o)
    0x08000100   0x08000100   0x0000001a   Code   RO          451    !!handler_copy      c_p.l(__scatter_copy.o)
    0x0800011a   0x0800011a   0x00000002   PAD
    0x0800011c   0x0800011c   0x0000001c   Code   RO          453    !!handler_zi        c_p.l(__scatter_zi.o)
    0x08000138   0x08000138   0x00000002   Code   RO          204    .ARM.Collect$$_printf_percent$$00000000  c_p.l(_printf_percent.o)
    0x0800013a   0x0800013a   0x0000000a   Code   RO          193    .ARM.Collect$$_printf_percent$$00000001  c_p.l(_printf_n.o)
    0x08000144   0x08000144   0x0000000a   Code   RO          195    .ARM.Collect$$_printf_percent$$00000002  c_p.l(_printf_p.o)
    0x0800014e   0x0800014e   0x0000000a   Code   RO          200    .ARM.Collect$$_printf_percent$$00000003  c_p.l(_printf_f.o)
    0x08000158   0x08000158   0x0000000a   Code   RO          201    .ARM.Collect$$_printf_percent$$00000004  c_p.l(_printf_e.o)
    0x08000162   0x08000162   0x0000000a   Code   RO          202    .ARM.Collect$$_printf_percent$$00000005  c_p.l(_printf_g.o)
    0x0800016c   0x0800016c   0x0000000a   Code   RO          203    .ARM.Collect$$_printf_percent$$00000006  c_p.l(_printf_a.o)
    0x08000176   0x08000176   0x0000000a   Code   RO          208    .ARM.Collect$$_printf_percent$$00000007  c_p.l(_printf_ll.o)
    0x08000180   0x08000180   0x0000000a   Code   RO          197    .ARM.Collect$$_printf_percent$$00000008  c_p.l(_printf_i.o)
    0x0800018a   0x0800018a   0x0000000a   Code   RO          198    .ARM.Collect$$_printf_percent$$00000009  c_p.l(_printf_d.o)
    0x08000194   0x08000194   0x0000000a   Code   RO          199    .ARM.Collect$$_printf_percent$$0000000A  c_p.l(_printf_u.o)
    0x0800019e   0x0800019e   0x0000000a   Code   RO          196    .ARM.Collect$$_printf_percent$$0000000B  c_p.l(_printf_o.o)
    0x080001a8   0x080001a8   0x0000000a   Code   RO          194    .ARM.Collect$$_printf_percent$$0000000C  c_p.l(_printf_x.o)
    0x080001b2   0x080001b2   0x0000000a   Code   RO          205    .ARM.Collect$$_printf_percent$$0000000D  c_p.l(_printf_lli.o)
    0x080001bc   0x080001bc   0x0000000a   Code   RO          206    .ARM.Collect$$_printf_percent$$0000000E  c_p.l(_printf_lld.o)
    0x080001c6   0x080001c6   0x0000000a   Code   RO          207    .ARM.Collect$$_printf_percent$$0000000F  c_p.l(_printf_llu.o)
    0x080001d0   0x080001d0   0x0000000a   Code   RO          212    .ARM.Collect$$_printf_percent$$00000010  c_p.l(_printf_llo.o)
    0x080001da   0x080001da   0x0000000a   Code   RO          213    .ARM.Collect$$_printf_percent$$00000011  c_p.l(_printf_llx.o)
    0x080001e4   0x080001e4   0x0000000a   Code   RO          209    .ARM.Collect$$_printf_percent$$00000012  c_p.l(_printf_l.o)
    0x080001ee   0x080001ee   0x0000000a   Code   RO          191    .ARM.Collect$$_printf_percent$$00000013  c_p.l(_printf_c.o)
    0x080001f8   0x080001f8   0x0000000a   Code   RO          192    .ARM.Collect$$_printf_percent$$00000014  c_p.l(_printf_s.o)
    0x08000202   0x08000202   0x0000000a   Code   RO          210    .ARM.Collect$$_printf_percent$$00000015  c_p.l(_printf_lc.o)
    0x0800020c   0x0800020c   0x0000000a   Code   RO          211    .ARM.Collect$$_printf_percent$$00000016  c_p.l(_printf_ls.o)
    0x08000216   0x08000216   0x00000004   Code   RO          256    .ARM.Collect$$_printf_percent$$00000017  c_p.l(_printf_percent_end.o)
    0x0800021a   0x0800021a   0x00000002   Code   RO          296    .ARM.Collect$$libinit$$00000000  c_p.l(libinit.o)
    0x0800021c   0x0800021c   0x00000000   Code   RO          322    .ARM.Collect$$libinit$$00000002  c_p.l(libinit2.o)
    0x0800021c   0x0800021c   0x00000000   Code   RO          324    .ARM.Collect$$libinit$$00000004  c_p.l(libinit2.o)
    0x0800021c   0x0800021c   0x00000000   Code   RO          326    .ARM.Collect$$libinit$$00000006  c_p.l(libinit2.o)
    0x0800021c   0x0800021c   0x00000000   Code   RO          329    .ARM.Collect$$libinit$$0000000C  c_p.l(libinit2.o)
    0x0800021c   0x0800021c   0x00000000   Code   RO          331    .ARM.Collect$$libinit$$0000000E  c_p.l(libinit2.o)
    0x0800021c   0x0800021c   0x00000000   Code   RO          333    .ARM.Collect$$libinit$$00000010  c_p.l(libinit2.o)
    0x0800021c   0x0800021c   0x00000006   Code   RO          334    .ARM.Collect$$libinit$$00000011  c_p.l(libinit2.o)
    0x08000222   0x08000222   0x00000000   Code   RO          336    .ARM.Collect$$libinit$$00000013  c_p.l(libinit2.o)
    0x08000222   0x08000222   0x0000000c   Code   RO          337    .ARM.Collect$$libinit$$00000014  c_p.l(libinit2.o)
    0x0800022e   0x0800022e   0x00000000   Code   RO          338    .ARM.Collect$$libinit$$00000015  c_p.l(libinit2.o)
    0x0800022e   0x0800022e   0x00000000   Code   RO          340    .ARM.Collect$$libinit$$00000017  c_p.l(libinit2.o)
    0x0800022e   0x0800022e   0x0000000a   Code   RO          341    .ARM.Collect$$libinit$$00000018  c_p.l(libinit2.o)
    0x08000238   0x08000238   0x00000000   Code   RO          342    .ARM.Collect$$libinit$$00000019  c_p.l(libinit2.o)
    0x08000238   0x08000238   0x00000000   Code   RO          344    .ARM.Collect$$libinit$$0000001B  c_p.l(libinit2.o)
    0x08000238   0x08000238   0x00000000   Code   RO          346    .ARM.Collect$$libinit$$0000001D  c_p.l(libinit2.o)
    0x08000238   0x08000238   0x00000000   Code   RO          348    .ARM.Collect$$libinit$$0000001F  c_p.l(libinit2.o)
    0x08000238   0x08000238   0x00000000   Code   RO          350    .ARM.Collect$$libinit$$00000021  c_p.l(libinit2.o)
    0x08000238   0x08000238   0x00000000   Code   RO          352    .ARM.Collect$$libinit$$00000023  c_p.l(libinit2.o)
    0x08000238   0x08000238   0x00000000   Code   RO          354    .ARM.Collect$$libinit$$00000025  c_p.l(libinit2.o)
    0x08000238   0x08000238   0x00000000   Code   RO          356    .ARM.Collect$$libinit$$00000027  c_p.l(libinit2.o)
    0x08000238   0x08000238   0x00000000   Code   RO          360    .ARM.Collect$$libinit$$0000002E  c_p.l(libinit2.o)
    0x08000238   0x08000238   0x00000000   Code   RO          362    .ARM.Collect$$libinit$$00000030  c_p.l(libinit2.o)
    0x08000238   0x08000238   0x00000000   Code   RO          364    .ARM.Collect$$libinit$$00000032  c_p.l(libinit2.o)
    0x08000238   0x08000238   0x00000000   Code   RO          366    .ARM.Collect$$libinit$$00000034  c_p.l(libinit2.o)
    0x08000238   0x08000238   0x00000002   Code   RO          367    .ARM.Collect$$libinit$$00000035  c_p.l(libinit2.o)
    0x0800023a   0x0800023a   0x00000002   Code   RO          404    .ARM.Collect$$libshutdown$$00000000  c_p.l(libshutdown.o)
    0x0800023c   0x0800023c   0x00000000   Code   RO          432    .ARM.Collect$$libshutdown$$00000002  c_p.l(libshutdown2.o)
    0x0800023c   0x0800023c   0x00000000   Code   RO          434    .ARM.Collect$$libshutdown$$00000004  c_p.l(libshutdown2.o)
    0x0800023c   0x0800023c   0x00000000   Code   RO          437    .ARM.Collect$$libshutdown$$00000007  c_p.l(libshutdown2.o)
    0x0800023c   0x0800023c   0x00000000   Code   RO          440    .ARM.Collect$$libshutdown$$0000000A  c_p.l(libshutdown2.o)
    0x0800023c   0x0800023c   0x00000000   Code   RO          442    .ARM.Collect$$libshutdown$$0000000C  c_p.l(libshutdown2.o)
    0x0800023c   0x0800023c   0x00000000   Code   RO          445    .ARM.Collect$$libshutdown$$0000000F  c_p.l(libshutdown2.o)
    0x0800023c   0x0800023c   0x00000002   Code   RO          446    .ARM.Collect$$libshutdown$$00000010  c_p.l(libshutdown2.o)
    0x0800023e   0x0800023e   0x00000000   Code   RO          118    .ARM.Collect$$rtentry$$00000000  c_p.l(__rtentry.o)
    0x0800023e   0x0800023e   0x00000000   Code   RO          223    .ARM.Collect$$rtentry$$00000002  c_p.l(__rtentry2.o)
    0x0800023e   0x0800023e   0x00000006   Code   RO          235    .ARM.Collect$$rtentry$$00000004  c_p.l(__rtentry4.o)
    0x08000244   0x08000244   0x00000000   Code   RO          225    .ARM.Collect$$rtentry$$00000009  c_p.l(__rtentry2.o)
    0x08000244   0x08000244   0x00000004   Code   RO          226    .ARM.Collect$$rtentry$$0000000A  c_p.l(__rtentry2.o)
    0x08000248   0x08000248   0x00000000   Code   RO          228    .ARM.Collect$$rtentry$$0000000C  c_p.l(__rtentry2.o)
    0x08000248   0x08000248   0x00000008   Code   RO          229    .ARM.Collect$$rtentry$$0000000D  c_p.l(__rtentry2.o)
    0x08000250   0x08000250   0x00000002   Code   RO          306    .ARM.Collect$$rtexit$$00000000  c_p.l(rtexit.o)
    0x08000252   0x08000252   0x00000000   Code   RO          373    .ARM.Collect$$rtexit$$00000002  c_p.l(rtexit2.o)
    0x08000252   0x08000252   0x00000004   Code   RO          374    .ARM.Collect$$rtexit$$00000003  c_p.l(rtexit2.o)
    0x08000256   0x08000256   0x00000006   Code   RO          375    .ARM.Collect$$rtexit$$00000004  c_p.l(rtexit2.o)
    0x0800025c   0x0800025c   0x00000038   Code   RO           86  * .text               startup_stm32f091xc.o
    0x08000294   0x08000294   0x0000002c   Code   RO          108    .text               c_p.l(sprintf.o)
    0x080002c0   0x080002c0   0x0000016c   Code   RO          110    .text               c_p.l(aeabi_sdiv.o)
    0x0800042c   0x0800042c   0x00000006   Code   RO          114    .text               c_p.l(heapauxi.o)
    0x08000432   0x08000432   0x0000004e   Code   RO          125    .text               c_p.l(_printf_pad.o)
    0x08000480   0x08000480   0x00000024   Code   RO          127    .text               c_p.l(_printf_truncate.o)
    0x080004a4   0x080004a4   0x00000052   Code   RO          129    .text               c_p.l(_printf_str.o)
    0x080004f6   0x080004f6   0x00000002   PAD
    0x080004f8   0x080004f8   0x0000006c   Code   RO          131    .text               c_p.l(_printf_dec.o)
    0x08000564   0x08000564   0x00000026   Code   RO          133    .text               c_p.l(_printf_charcount.o)
    0x0800058a   0x0800058a   0x00000002   PAD
    0x0800058c   0x0800058c   0x00000030   Code   RO          135    .text               c_p.l(_printf_char_common.o)
    0x080005bc   0x080005bc   0x0000000a   Code   RO          137    .text               c_p.l(_sputc.o)
    0x080005c6   0x080005c6   0x00000002   PAD
    0x080005c8   0x080005c8   0x000000bc   Code   RO          139    .text               c_p.l(_printf_wctomb.o)
    0x08000684   0x08000684   0x00000070   Code   RO          142    .text               c_p.l(_printf_longlong_dec.o)
    0x080006f4   0x080006f4   0x00000070   Code   RO          148    .text               c_p.l(_printf_oct_int_ll.o)
    0x08000764   0x08000764   0x00000098   Code   RO          168    .text               c_p.l(_printf_hex_int_ll_ptr.o)
    0x080007fc   0x080007fc   0x00000188   Code   RO          188    .text               c_p.l(__printf_flags_ss_wp.o)
    0x08000984   0x08000984   0x0000007a   Code   RO          239    .text               c_p.l(lludiv10.o)
    0x080009fe   0x080009fe   0x000000b0   Code   RO          241    .text               c_p.l(_printf_intcommon.o)
    0x08000aae   0x08000aae   0x00000002   PAD
    0x08000ab0   0x08000ab0   0x00000414   Code   RO          243    .text               c_p.l(_printf_fp_dec.o)
    0x08000ec4   0x08000ec4   0x000002d8   Code   RO          247    .text               c_p.l(_printf_fp_hex.o)
    0x0800119c   0x0800119c   0x0000002e   Code   RO          252    .text               c_p.l(_printf_char.o)
    0x080011ca   0x080011ca   0x0000002e   Code   RO          254    .text               c_p.l(_printf_wchar.o)
    0x080011f8   0x080011f8   0x00000042   Code   RO          257    .text               c_p.l(_c16rtomb.o)
    0x0800123a   0x0800123a   0x00000028   Code   RO          259    .text               c_p.l(rtudiv10.o)
    0x08001262   0x08001262   0x0000003e   Code   RO          261    .text               c_p.l(sys_stackheap_outer.o)
    0x080012a0   0x080012a0   0x00000010   Code   RO          264    .text               c_p.l(rt_ctype_table.o)
    0x080012b0   0x080012b0   0x00000008   Code   RO          269    .text               c_p.l(rt_locale_intlibspace.o)
    0x080012b8   0x080012b8   0x00000088   Code   RO          271    .text               c_p.l(_printf_fp_infnan.o)
    0x08001340   0x08001340   0x000000d8   Code   RO          273    .text               c_p.l(bigflt0.o)
    0x08001418   0x08001418   0x00000580   Code   RO          276    .text               c_p.l(btod.o)
    0x08001998   0x08001998   0x00000010   Code   RO          285    .text               c_p.l(exit.o)
    0x080019a8   0x080019a8   0x00000008   Code   RO          302    .text               c_p.l(libspace.o)
    0x080019b0   0x080019b0   0x00000088   Code   RO          319    .text               c_p.l(strcmp.o)
    0x08001a38   0x08001a38   0x0000000c   Code   RO          368    .text               c_p.l(sys_exit.o)
    0x08001a44   0x08001a44   0x00000002   Code   RO          393    .text               c_p.l(use_no_semi.o)
    0x08001a46   0x08001a46   0x00000000   Code   RO          395    .text               c_p.l(indicate_semi.o)
    0x08001a46   0x08001a46   0x00000002   PAD
    0x08001a48   0x08001a48   0x00000064   Code   RO            2    .text.InitAd        ad.o
    0x08001aac   0x08001aac   0x00000050   Code   RO           13    .text.InitButtons   buttons.o
    0x08001afc   0x08001afc   0x00000002   Code   RO           62    .text.InitIo        main.o
    0x08001afe   0x08001afe   0x00000002   PAD
    0x08001b00   0x08001b00   0x00000090   Code   RO           32    .text.InitLeds      leds.o
    0x08001b90   0x08001b90   0x00000098   Code   RO           47    .text.InitUsart2    usart2.o
    0x08001c28   0x08001c28   0x00000028   Code   RO           15    .text.SW1Active     buttons.o
    0x08001c50   0x08001c50   0x0000002c   Code   RO           17    .text.SW2Active     buttons.o
    0x08001c7c   0x08001c7c   0x0000002c   Code   RO           19    .text.SW3Active     buttons.o
    0x08001ca8   0x08001ca8   0x0000002c   Code   RO           21    .text.SW4Active     buttons.o
    0x08001cd4   0x08001cd4   0x0000004c   Code   RO           49    .text.StringToUsart2  usart2.o
    0x08001d20   0x08001d20   0x00000050   Code   RO           68    .text.SysTick_Config  main.o
    0x08001d70   0x08001d70   0x0000000c   Code   RO           66    .text.SysTick_Handler  main.o
    0x08001d7c   0x08001d7c   0x000000d8   Code   RO           60    .text.SystemClock_Config  main.o
    0x08001e54   0x08001e54   0x000000f8   Code   RO           95    .text.SystemCoreClockUpdate  system_stm32f0xx.o
    0x08001f4c   0x08001f4c   0x00000078   Code   RO           93    .text.SystemInit    system_stm32f0xx.o
    0x08001fc4   0x08001fc4   0x00000028   Code   RO           64    .text.WaitForMs     main.o
    0x08001fec   0x08001fec   0x00000084   Code   RO           70    .text.__NVIC_SetPriority  main.o
    0x08002070   0x08002070   0x00000110   Code   RO           58    .text.main          main.o
    0x08002180   0x08002180   0x00000030   Code   RO          278    i.__ARM_common_ll_muluu  c_p.l(btod.o)
    0x080021b0   0x080021b0   0x0000002c   Code   RO          300    i.__ARM_fpclassify  m_ps.l(fpclassify.o)
    0x080021dc   0x080021dc   0x0000000e   Code   RO          181    i._is_digit         c_p.l(__printf_wp.o)
    0x080021ea   0x080021ea   0x00000002   PAD
    0x080021ec   0x080021ec   0x0000002c   Code   RO          283    locale$$code        c_p.l(lc_numeric_c.o)
    0x08002218   0x08002218   0x0000002c   Code   RO          313    locale$$code        c_p.l(lc_ctype_c.o)
    0x08002244   0x08002244   0x00000010   Code   RO          214    x$fpl$printf1       fz_ps.l(printf1.o)
    0x08002254   0x08002254   0x00000010   Code   RO          216    x$fpl$printf2       fz_ps.l(printf2.o)
    0x08002264   0x08002264   0x00000000   Code   RO          299    x$fpl$usenofp       fz_ps.l(usenofp.o)
    0x08002264   0x08002264   0x00000008   Data   RO          140    .constdata          c_p.l(_printf_wctomb.o)
    0x0800226c   0x0800226c   0x00000028   Data   RO          169    .constdata          c_p.l(_printf_hex_int_ll_ptr.o)
    0x08002294   0x08002294   0x00000011   Data   RO          189    .constdata          c_p.l(__printf_flags_ss_wp.o)
    0x080022a5   0x080022a5   0x00000026   Data   RO          248    .constdata          c_p.l(_printf_fp_hex.o)
    0x080022cb   0x080022cb   0x00000001   PAD
    0x080022cc   0x080022cc   0x00000094   Data   RO          274    .constdata          c_p.l(bigflt0.o)
    0x08002360   0x08002360   0x00000010   Data   RO           98    .rodata.AHBPrescTable  system_stm32f0xx.o
    0x08002370   0x08002370   0x0000002d   Data   RO           73    .rodata.str1.1      main.o
    0x0800239d   0x0800239d   0x00000003   PAD
    0x080023a0   0x080023a0   0x00000020   Data   RO          448    Region$$Table       anon$$obj.o
    0x080023c0   0x080023c0   0x0000001c   Data   RO          282    locale$$data        c_p.l(lc_numeric_c.o)
    0x080023dc   0x080023dc   0x00000110   Data   RO          312    locale$$data        c_p.l(lc_ctype_c.o)


    Execution Region ER_RW (Exec base: 0x20000000, Load base: 0x080024ec, Size: 0x00000004, Max: 0xffffffff, ABSOLUTE)

    Exec Addr    Load Addr    Size         Type   Attr      Idx    E Section Name        Object

    0x20000000   0x080024ec   0x00000004   Data   RW           97    .data.SystemCoreClock  system_stm32f0xx.o


    Execution Region ER_ZI (Exec base: 0x20000008, Load base: 0x080024f0, Size: 0x00000680, Max: 0xffffffff, ABSOLUTE)

    Exec Addr    Load Addr    Size         Type   Attr      Idx    E Section Name        Object

    0x20000008        -       0x00000060   Zero   RW          303    .bss                c_p.l(libspace.o)
    0x20000068        -       0x00000008   Zero   RW           72    .bss.adValue        main.o
    0x20000070        -       0x00000014   Zero   RW           74    .bss.text           main.o
    0x20000084        -       0x00000004   Zero   RW           75    .bss.ticks          main.o
    0x20000088        -       0x00000200   Zero   RW           84    HEAP                startup_stm32f091xc.o
    0x20000288        -       0x00000400   Zero   RW           83    STACK               startup_stm32f091xc.o


==============================================================================

Image component sizes


      Code (inc. data)   RO Data    RW Data    ZI Data      Debug   Object Name

       100         24          0          0          0       1796   ad.o
       252         12          0          0          0       1975   buttons.o
       144          8          0          0          0       2560   leds.o
       754         64         45          0         32       4055   main.o
        56         26        188          0       1536        680   startup_stm32f091xc.o
       368         52         16          4          0       1765   system_stm32f0xx.o
       228         32          0          0          0       1938   usart2.o

    ----------------------------------------------------------------------
      1904        218        284          4       1568      14769   Object Totals
         0          0         32          0          0          0   (incl. Generated)
         2          0          3          0          0          0   (incl. Padding)

    ----------------------------------------------------------------------

      Code (inc. data)   RO Data    RW Data    ZI Data      Debug   Library Member Name

         8          0          0          0          0         68   __main.o
       392          6         17          0          0         76   __printf_flags_ss_wp.o
        14          0          0          0          0         60   __printf_wp.o
         0          0          0          0          0          0   __rtentry.o
        12          0          0          0          0          0   __rtentry2.o
         6          0          0          0          0          0   __rtentry4.o
        60          8          0          0          0          0   __scatter.o
        26          0          0          0          0          0   __scatter_copy.o
        28          0          0          0          0          0   __scatter_zi.o
        66          0          0          0          0         76   _c16rtomb.o
        10          0          0          0          0          0   _printf_a.o
        10          0          0          0          0          0   _printf_c.o
        46          0          0          0          0        100   _printf_char.o
        48          6          0          0          0         88   _printf_char_common.o
        38          0          0          0          0         60   _printf_charcount.o
        10          0          0          0          0          0   _printf_d.o
       108         18          0          0          0         76   _printf_dec.o
        10          0          0          0          0          0   _printf_e.o
        10          0          0          0          0          0   _printf_f.o
      1044         12          0          0          0        116   _printf_fp_dec.o
       728         10         38          0          0         84   _printf_fp_hex.o
       136         16          0          0          0         76   _printf_fp_infnan.o
        10          0          0          0          0          0   _printf_g.o
       152          4         40          0          0        148   _printf_hex_int_ll_ptr.o
        10          0          0          0          0          0   _printf_i.o
       176          0          0          0          0         84   _printf_intcommon.o
        10          0          0          0          0          0   _printf_l.o
        10          0          0          0          0          0   _printf_lc.o
        10          0          0          0          0          0   _printf_ll.o
        10          0          0          0          0          0   _printf_lld.o
        10          0          0          0          0          0   _printf_lli.o
        10          0          0          0          0          0   _printf_llo.o
        10          0          0          0          0          0   _printf_llu.o
        10          0          0          0          0          0   _printf_llx.o
       112         18          0          0          0         76   _printf_longlong_dec.o
        10          0          0          0          0          0   _printf_ls.o
        10          0          0          0          0          0   _printf_n.o
        10          0          0          0          0          0   _printf_o.o
       112         10          0          0          0        112   _printf_oct_int_ll.o
        10          0          0          0          0          0   _printf_p.o
        78          0          0          0          0        100   _printf_pad.o
         2          0          0          0          0          0   _printf_percent.o
         4          0          0          0          0          0   _printf_percent_end.o
        10          0          0          0          0          0   _printf_s.o
        82          0          0          0          0         72   _printf_str.o
        36          0          0          0          0         76   _printf_truncate.o
        10          0          0          0          0          0   _printf_u.o
        46          0          0          0          0        100   _printf_wchar.o
       188          6          8          0          0         80   _printf_wctomb.o
        10          0          0          0          0          0   _printf_x.o
        10          0          0          0          0         60   _sputc.o
       364          4          0          0          0         92   aeabi_sdiv.o
       216          6        148          0          0         80   bigflt0.o
      1456         30          0          0          0        336   btod.o
        16          0          0          0          0         68   exit.o
         6          0          0          0          0        136   heapauxi.o
         0          0          0          0          0          0   indicate_semi.o
        44         10        272          0          0         76   lc_ctype_c.o
        44         10         28          0          0         76   lc_numeric_c.o
         2          0          0          0          0          0   libinit.o
        30          0          0          0          0          0   libinit2.o
         2          0          0          0          0          0   libshutdown.o
         2          0          0          0          0          0   libshutdown2.o
         8          4          0          0         96         68   libspace.o
       122          0          0          0          0         72   lludiv10.o
        16          4          0          0          0         76   rt_ctype_table.o
         8          4          0          0          0         68   rt_locale_intlibspace.o
         2          0          0          0          0          0   rtexit.o
        10          0          0          0          0          0   rtexit2.o
        40          0          0          0          0         60   rtudiv10.o
        44          4          0          0          0         84   sprintf.o
       136          4          0          0          0         72   strcmp.o
        12          4          0          0          0         60   sys_exit.o
        62          0          0          0          0         80   sys_stackheap_outer.o
         2          0          0          0          0         68   use_no_semi.o
        16          4          0          0          0         76   printf1.o
        16          4          0          0          0         76   printf2.o
         0          0          0          0          0          0   usenofp.o
        44          4          0          0          0         60   fpclassify.o

    ----------------------------------------------------------------------
      6712        210        552          0         96       3572   Library Totals
        14          0          1          0          0          0   (incl. Padding)

    ----------------------------------------------------------------------

      Code (inc. data)   RO Data    RW Data    ZI Data      Debug   Library Name

      6622        198        551          0         96       3360   c_p.l
        32          8          0          0          0        152   fz_ps.l
        44          4          0          0          0         60   m_ps.l

    ----------------------------------------------------------------------
      6712        210        552          0         96       3572   Library Totals

    ----------------------------------------------------------------------

==============================================================================


      Code (inc. data)   RO Data    RW Data    ZI Data      Debug   

      8616        428        836          4       1664      16553   Grand Totals
      8616        428        836          4       1664      16553   ELF Image Totals
      8616        428        836          4          0          0   ROM Totals

==============================================================================

    Total RO  Size (Code + RO Data)                 9452 (   9.23kB)
    Total RW  Size (RW Data + ZI Data)              1668 (   1.63kB)
    Total ROM Size (Code + RO Data + RW Data)       9456 (   9.23kB)

==============================================================================

